2 3 4 5 6 7 8 9
1 3 4 5 6 7 8 10
1 2 4 9 10 11
1 2 3 9 10 11
1 2 6 7 8
1 2 5 19 20
1 2 5 8 10
1 2 5 7 10
1 3 4 11 14
2 3 4 7 8
3 4 9 14
13 14 15 16
12 14 15 16
9 11 12 13
12 13 16 31
12 13 15 31
18 19 20
17 23 24
6 17 20
6 17 19
22 23 24
21 28 30
18 21 24
18 21 23
26 27 28
25 27 29
25 26 29
22 25 30
26 27 30
22 28 29
15 16
33 34
32 34
32 33
36 37
35 37
35 36
39 40
38 40
38 39
42 43
41 43
41 42
45
44





