2 3 4 5 6 7 8 9
1 3 4 5 6 7 8 9
1 2 4 5 6 7
1 2 3 5 6
1 2 3 4 6
1 2 3 4 5
1 2 3 8 9
1 2 7 10
1 2 7 10
8 9
