2 3 4 5 6
1 3 4 5 7
1 2 8 9
1 2 5 20
1 2 4 20
1 7 12 13
2 6 8 9
3 7 9
3 7 8
11 12 13
10 17 19
6 10 13
6 10 12
15 16 17
14 16 18
14 15 18
11 14 19
15 16 19
11 17 18
4 5
22 23
21 23
21 22
25 26
24 26
24 25
28 29
27 29
27 28
31 32
30 32
30 31
34 35
33 35
33 34
37 38
36 38
36 37
40 41
39 41
39 40
43 44
42 44
42 43
46 47
45 48
45 48
46 47
50
49
52
51
54
53
56
55
58
57
60
59
62
61
64
63
66
65
68
67
70
69
72
71
74
73
76
75
78
77
80
79
82
81








