0 42 14 32 23 40 27 47 46 48 49 22 25 27 32 36 20 26 48 29 27 9 31 25 16 17 2 18 4 33 23 8 20 6 8 7 16 45 21 39 2 13 33 8 5 43 33 6 22 26 21 11 7 46 1 9 35 38 8 34 3 49 35 45 36 37 48 25 14 1 41 43 17 28 30 19 24 34 40 12 26 47 18 12 10 15 44 5 20 19 37 9 7 2 21 4 40 35 39 46 0
